
=== E1: 144 cells x 30 runs = 4320 runs ===
   25/144 cells     0.1 min elapsed  ETA    0.5 min
   50/144 cells     0.2 min elapsed  ETA    0.4 min
   75/144 cells     0.3 min elapsed  ETA    0.3 min
   100/144 cells     0.4 min elapsed  ETA    0.2 min
   125/144 cells     0.6 min elapsed  ETA    0.1 min
   144/144 cells     0.7 min elapsed  ETA    0.0 min
   wrote <repo>/scripts/../results/E1_cec2022_paper_budget.csv  (4320 runs)
=== E1 done in 0.7 min ===

=== E5: 30 cells x 30 runs = 900 runs ===
   25/30 cells     1.0 min elapsed  ETA    0.2 min
   30/30 cells     1.9 min elapsed  ETA    0.0 min
   wrote <repo>/scripts/../results/E5_engineering.csv  (900 runs)
=== E5 done in 1.9 min ===

=== E4: 264 cells x 30 runs = 7920 runs ===
   25/264 cells     0.4 min elapsed  ETA    4.2 min
   50/264 cells     0.9 min elapsed  ETA    3.7 min
   75/264 cells     1.0 min elapsed  ETA    2.5 min
   100/264 cells     1.4 min elapsed  ETA    2.3 min
   125/264 cells     1.8 min elapsed  ETA    2.0 min
   150/264 cells     2.0 min elapsed  ETA    1.6 min
   175/264 cells     2.4 min elapsed  ETA    1.2 min
   200/264 cells     2.7 min elapsed  ETA    0.9 min
   225/264 cells     3.0 min elapsed  ETA    0.5 min
   250/264 cells     3.2 min elapsed  ETA    0.2 min
   264/264 cells     3.3 min elapsed  ETA    0.0 min
   wrote <repo>/scripts/../results/E4_ablation_cec2022.csv  (7920 runs)
=== E4 done in 3.3 min ===

=== E2: 144 cells x 30 runs = 4320 runs ===
   25/144 cells     1.3 min elapsed  ETA    6.0 min
   50/144 cells     3.7 min elapsed  ETA    7.0 min
   75/144 cells     6.3 min elapsed  ETA    5.8 min
   100/144 cells    13.2 min elapsed  ETA    5.8 min
   125/144 cells    20.9 min elapsed  ETA    3.2 min
   144/144 cells    30.1 min elapsed  ETA    0.0 min
   wrote <repo>/scripts/../results/E2_cec2022_competition.csv  (4320 runs)
=== E2 done in 30.1 min ===

=== E3: 522 cells x 30 runs = 15660 runs ===
